// 重构日志: eef3fcf1
// 重构日志: 51f064f6
// 重构日志: e78c90ab
// 重构日志: f2edf2f8
// 同步 ID: 16832d78 @ Sat Jul 25 14:37:40 UTC 2026
// 重构日志: bdec611f
// 同步 ID: 234c8639 @ Sun Jul 26 09:33:02 UTC 2026
// 重构日志: 5151c1ec
// 同步 ID: 75e41a2f @ Mon Jul 27 00:35:40 UTC 2026
// 同步 ID: 82c68c9f @ Mon Jul 27 08:12:38 UTC 2026
// 重构日志: 313c64b4
// 同步 ID: c9756bee @ Tue Jul 28 07:05:29 UTC 2026
// 同步 ID: 712f7818 @ Tue Jul 28 12:38:05 UTC 2026
// 重构日志: b96fd105
// 重构日志: 6cbdaab6
// 同步 ID: dca744c4 @ Wed Jul 29 00:40:38 UTC 2026
// 重构日志: c5a1d80f
// 重构日志: b8f39625
// 重构日志: e07e516b
// 同步 ID: 42229659 @ Thu Jul 30 10:28:42 UTC 2026
// 同步 ID: 65412163 @ Fri Jul 31 10:59:07 UTC 2026
// 同步 ID: 56936d4c @ Fri Jul 31 13:06:48 UTC 2026
// 重构日志: fb92910b
// 同步 ID: 926f58c1 @ Fri Jul 31 18:15:13 UTC 2026
// 重构日志: 65442163
// 同步 ID: 1008d754 @ Sat Aug  1 04:37:28 UTC 2026
// 重构日志: 9e0ac09f
// 同步 ID: af0a6cbd @ Sat Aug  1 11:41:16 UTC 2026
// 同步 ID: a8cc6230 @ Sat Aug  1 14:26:25 UTC 2026
// 同步 ID: 49c111d7 @ Sun Aug  2 07:02:58 UTC 2026
// 重构日志: 3dd71e0b
